2025-11-06 11:42:08, MOVE, v:1, k:poo@budega, mode:PICK
2025-11-06 11:42:09, EXEC, v:1, k:poo@budega, mode:FULL, rate:0, size:0
2025-11-06 11:53:46, EXEC, v:1, k:poo@budega, mode:FULL, rate:0
2025-11-06 11:58:58, EXEC, v:1, k:poo@budega, mode:FULL, rate:0, size:5
2025-11-06 12:01:47, EXEC, v:1, k:poo@budega, mode:FULL, rate:0, size:10
2025-11-06 12:01:50, MOVE, v:1, k:poo@budega, mode:BACK
2025-11-06 12:02:17, MOVE, v:1, k:poo@budega, mode:PICK
2025-11-06 12:02:18, EXEC, v:1, k:poo@budega, mode:FULL, rate:0
2025-11-06 12:07:36, EXEC, v:1, k:poo@budega, mode:FULL, rate:0, size:12
2025-11-06 12:09:35, EXEC, v:1, k:poo@budega, mode:FULL, rate:0, size:15
2025-11-06 12:10:32, EXEC, v:1, k:poo@budega, mode:FULL, rate:0, size:21
2025-11-06 12:12:09, EXEC, v:1, k:poo@budega, mode:FULL, rate:0, size:22
2025-11-06 12:17:18, EXEC, v:1, k:poo@budega, mode:FULL, rate:0, size:24
2025-11-06 12:18:28, EXEC, v:1, k:poo@budega, mode:FULL, rate:0, size:24
2025-11-06 12:23:36, EXEC, v:1, k:poo@budega, mode:FULL, rate:0, size:24
2025-11-06 12:23:44, EXEC, v:1, k:poo@budega, mode:FULL, rate:0, size:24
2025-11-06 12:23:56, EXEC, v:1, k:poo@budega, mode:FULL, rate:0, size:24
2025-11-06 12:25:45, EXEC, v:1, k:poo@budega, mode:FULL, rate:0, size:24
2025-11-06 12:26:02, EXEC, v:1, k:poo@budega, mode:FULL, rate:0, size:24
2025-11-06 12:26:12, EXEC, v:1, k:poo@budega, mode:FULL, rate:0, size:24
2025-11-06 12:26:31, EXEC, v:1, k:poo@budega, mode:FULL, rate:0
2025-11-06 12:27:20, EXEC, v:1, k:poo@budega, mode:FULL, rate:0, size:26
2025-11-06 12:27:36, EXEC, v:1, k:poo@budega, mode:FULL, rate:0
2025-11-06 12:27:37, MOVE, v:1, k:poo@budega, mode:BACK
2025-11-06 12:27:43, MOVE, v:1, k:poo@budega, mode:PICK
2025-11-06 12:27:44, MOVE, v:1, k:poo@budega, mode:BACK
2025-11-06 12:27:45, MOVE, v:1, k:poo@budega, mode:PICK
2025-11-06 12:27:46, EXEC, v:1, k:poo@budega, mode:FULL, rate:0
2025-11-06 12:32:15, EXEC, v:1, k:poo@budega, mode:FULL, rate:0, size:29
2025-11-06 12:32:29, EXEC, v:1, k:poo@budega, mode:FULL, rate:0, size:30
2025-11-06 12:33:06, EXEC, v:1, k:poo@budega, mode:FULL, rate:0, size:31
2025-11-06 12:33:21, EXEC, v:1, k:poo@budega, mode:FULL, rate:0, size:30
2025-11-06 12:33:30, EXEC, v:1, k:poo@budega, mode:FULL, rate:0, size:27
2025-11-06 12:35:10, EXEC, v:1, k:poo@budega, mode:FULL, rate:0, size:31
2025-11-06 12:35:46, EXEC, v:1, k:poo@budega, mode:FULL, rate:0, size:32
2025-11-06 12:39:50, EXEC, v:1, k:poo@budega, mode:FULL, rate:0, size:41
2025-11-06 12:51:19, MOVE, v:1, k:poo@budega, mode:BACK
2025-11-06 12:51:33, MOVE, v:1, k:poo@budega, mode:PICK
2025-11-06 12:51:34, EXEC, v:1, k:poo@budega, mode:FULL, rate:0, size:57
2025-11-06 12:52:12, EXEC, v:1, k:poo@budega, mode:FULL, rate:0
2025-11-06 12:52:30, EXEC, v:1, k:poo@budega, mode:FULL, rate:0, size:58
2025-11-06 12:52:45, EXEC, v:1, k:poo@budega, mode:FULL, rate:0, size:59
2025-11-06 12:55:43, EXEC, v:1, k:poo@budega, mode:FULL, rate:0
2025-11-06 12:57:13, EXEC, v:1, k:poo@budega, mode:FULL, rate:0, size:6
2025-11-06 12:57:30, EXEC, v:1, k:poo@budega, mode:FULL, rate:0, size:14
2025-11-06 12:59:45, EXEC, v:1, k:poo@budega, mode:FULL, rate:0, size:39
2025-11-06 13:06:05, EXEC, v:1, k:poo@budega, mode:FULL, rate:0
2025-11-06 13:06:05, MOVE, v:1, k:poo@budega, mode:BACK
2025-11-06 13:06:11, MOVE, v:1, k:poo@budega, mode:PICK
2025-11-06 13:06:47, EXEC, v:1, k:poo@budega, mode:FULL, rate:0, size:54
2025-11-06 13:08:10, EXEC, v:1, k:poo@budega, mode:FULL, rate:0, size:62
2025-11-06 13:08:35, EXEC, v:1, k:poo@budega, mode:FULL, rate:0, size:58
2025-11-06 13:08:38, MOVE, v:1, k:poo@budega, mode:BACK
2025-11-06 13:08:44, MOVE, v:1, k:poo@budega, mode:PICK
2025-11-06 13:08:47, EXEC, v:1, k:poo@budega, mode:FULL, rate:0, size:62
2025-11-06 13:09:58, EXEC, v:1, k:poo@budega, mode:FULL, rate:0, size:68
2025-11-06 13:09:58, EXEC, v:1, k:poo@budega, mode:FULL, rate:0, size:68
2025-11-06 13:10:26, EXEC, v:1, k:poo@budega, mode:FULL, rate:0, size:68
2025-11-06 13:12:07, EXEC, v:1, k:poo@budega, mode:FULL, rate:0
2025-11-06 13:12:38, EXEC, v:1, k:poo@budega, mode:FULL, rate:0, size:75
2025-11-06 13:12:39, EXEC, v:1, k:poo@budega, mode:FULL, rate:0
2025-11-06 13:12:39, EXEC, v:1, k:poo@budega, mode:FULL, rate:0
2025-11-06 13:12:57, EXEC, v:1, k:poo@budega, mode:FULL, rate:0, size:75
2025-11-06 13:13:55, EXEC, v:1, k:poo@budega, mode:FULL, rate:0
2025-11-06 13:14:05, MOVE, v:1, k:poo@budega, mode:BACK
2025-11-06 13:14:11, MOVE, v:1, k:poo@budega, mode:PICK
2025-11-06 13:14:17, EXEC, v:1, k:poo@budega, mode:FULL, rate:0, size:75
2025-11-06 13:14:19, EXEC, v:1, k:poo@budega, mode:FULL, rate:0
2025-11-06 13:15:11, EXEC, v:1, k:poo@budega, mode:FULL, rate:100, size:92
2025-11-06 13:15:13, EXEC, v:1, k:poo@budega, mode:FULL, rate:100
2025-11-06 13:15:14, MOVE, v:1, k:poo@budega, mode:BACK
2025-11-06 22:53:47, MOVE, v:1, k:poo@array, mode:PICK
2025-11-06 22:53:48, EXEC, v:1, k:poo@array, mode:LOCK, rate:100, size:1
2025-11-06 22:53:49, EXEC, v:1, k:poo@array, mode:LOCK, rate:100
2025-11-06 22:57:24, EXEC, v:1, k:poo@array, mode:LOCK, rate:100, size:3
2025-11-06 22:57:28, EXEC, v:1, k:poo@array, mode:FREE
2025-11-06 23:05:39, MOVE, v:1, k:poo@array, mode:BACK
2025-11-06 23:05:45, MOVE, v:1, k:poo@array, mode:PICK
2025-11-06 23:05:46, EXEC, v:1, k:poo@array, mode:LOCK, rate:0, size:5
2025-11-06 23:05:48, EXEC, v:1, k:poo@array, mode:LOCK, rate:0
2025-11-06 23:05:50, EXEC, v:1, k:poo@array, mode:FREE
2025-11-06 23:07:06, MOVE, v:1, k:poo@array, mode:BACK
2025-11-06 23:07:09, MOVE, v:1, k:poo@array, mode:PICK
2025-11-06 23:07:10, EXEC, v:1, k:poo@array, mode:LOCK, rate:0
2025-11-06 23:07:12, EXEC, v:1, k:poo@array, mode:FREE
2025-11-06 23:17:43, MOVE, v:1, k:poo@array, mode:BACK
2025-11-06 23:17:46, MOVE, v:1, k:poo@array, mode:PICK
2025-11-06 23:17:47, EXEC, v:1, k:poo@array, mode:LOCK, rate:0, size:12
2025-11-06 23:17:48, EXEC, v:1, k:poo@array, mode:FREE
2025-11-06 23:25:26, MOVE, v:1, k:poo@array, mode:BACK
2025-11-06 23:25:34, MOVE, v:1, k:poo@array, mode:PICK
2025-11-06 23:25:35, EXEC, v:1, k:poo@array, mode:LOCK, rate:0, size:23
2025-11-06 23:25:36, EXEC, v:1, k:poo@array, mode:LOCK, rate:0
2025-11-06 23:25:38, EXEC, v:1, k:poo@array, mode:FREE
2025-11-06 23:33:38, MOVE, v:1, k:poo@array, mode:BACK
2025-11-06 23:33:38, MOVE, v:1, k:poo@array, mode:PICK
2025-11-06 23:33:39, MOVE, v:1, k:poo@array, mode:BACK
2025-11-06 23:33:42, MOVE, v:1, k:poo@array, mode:PICK
2025-11-06 23:33:44, MOVE, v:1, k:poo@array, mode:BACK
2025-11-06 23:33:46, MOVE, v:1, k:poo@array, mode:PICK
2025-11-06 23:33:46, EXEC, v:1, k:poo@array, mode:LOCK, rate:0, size:29
2025-11-06 23:33:48, EXEC, v:1, k:poo@array, mode:FREE
2025-11-06 23:40:28, MOVE, v:1, k:poo@array, mode:BACK
2025-11-06 23:40:35, MOVE, v:1, k:poo@array, mode:PICK
2025-11-06 23:40:36, EXEC, v:1, k:poo@array, mode:LOCK, rate:0, size:38
2025-11-06 23:40:38, EXEC, v:1, k:poo@array, mode:FREE
2025-11-06 23:48:45, MOVE, v:1, k:poo@array, mode:BACK
2025-11-06 23:48:48, MOVE, v:1, k:poo@array, mode:PICK
2025-11-06 23:48:50, EXEC, v:1, k:poo@array, mode:LOCK, rate:0, size:45
2025-11-06 23:48:51, EXEC, v:1, k:poo@array, mode:FREE
