2025-11-12 10:40:13, MOVE, v:1, k:poo@lapiseira, mode:PICK
2025-11-12 10:40:15, EXEC, v:1, k:poo@lapiseira, mode:FULL, rate:7, size:53
2025-11-12 10:40:47, EXEC, v:1, k:poo@lapiseira, mode:FULL, rate:0, size:53
2025-11-12 10:41:32, EXEC, v:1, k:poo@lapiseira, mode:FULL, rate:0
2025-11-12 10:42:15, EXEC, v:1, k:poo@lapiseira, mode:FULL, rate:7, size:53
2025-11-12 10:45:10, EXEC, v:1, k:poo@lapiseira, mode:FULL, rate:7, size:58
2025-11-12 10:45:40, EXEC, v:1, k:poo@lapiseira, mode:FULL, rate:7
2025-11-12 10:45:43, MOVE, v:1, k:poo@lapiseira, mode:BACK
2025-11-12 10:45:53, MOVE, v:1, k:poo@lapiseira, mode:PICK
2025-11-12 10:45:57, EXEC, v:1, k:poo@lapiseira, mode:FULL, rate:7
2025-11-12 10:45:58, EXEC, v:1, k:poo@lapiseira, mode:FULL, rate:7
2025-11-12 10:46:10, MOVE, v:1, k:poo@lapiseira, mode:BACK
2025-11-12 10:46:40, MOVE, v:1, k:poo@lapiseira, mode:PICK
2025-11-12 10:46:41, EXEC, v:1, k:poo@lapiseira, mode:FULL, rate:7
2025-11-12 10:47:27, EXEC, v:1, k:poo@lapiseira, mode:FULL, rate:7, size:60
2025-11-12 10:47:34, MOVE, v:1, k:poo@lapiseira, mode:PICK
2025-11-12 10:47:36, EXEC, v:1, k:poo@lapiseira, mode:FULL, rate:7
2025-11-12 10:47:53, EXEC, v:1, k:poo@lapiseira, mode:FULL, rate:0, size:60
2025-11-12 10:50:12, EXEC, v:1, k:poo@lapiseira, mode:FULL, rate:0, size:65
2025-11-12 10:50:27, EXEC, v:1, k:poo@lapiseira, mode:FULL, rate:7, size:65
2025-11-12 10:53:05, EXEC, v:1, k:poo@lapiseira, mode:FULL, rate:7, size:71
2025-11-12 10:53:18, MOVE, v:1, k:poo@lapiseira, mode:BACK
2025-11-12 10:53:38, MOVE, v:1, k:poo@lapiseira, mode:PICK
2025-11-12 10:53:39, EXEC, v:1, k:poo@lapiseira, mode:FULL, rate:7
2025-11-12 10:53:42, MOVE, v:1, k:poo@lapiseira, mode:BACK
2025-11-12 10:53:44, MOVE, v:1, k:poo@lapiseira, mode:PICK
2025-11-12 10:53:46, EXEC, v:1, k:poo@lapiseira, mode:FULL, rate:7
2025-11-12 10:56:13, MOVE, v:1, k:poo@lapiseira, mode:BACK
2025-11-12 10:56:45, MOVE, v:1, k:poo@lapiseira, mode:PICK
2025-11-12 10:56:48, EXEC, v:1, k:poo@lapiseira, mode:FULL, rate:7, size:72
2025-11-12 10:58:48, MOVE, v:1, k:poo@lapiseira, mode:BACK
2025-11-12 10:58:53, MOVE, v:1, k:poo@lapiseira, mode:PICK
2025-11-12 10:58:54, EXEC, v:1, k:poo@lapiseira, mode:FULL, rate:7, size:72
2025-11-12 11:01:50, MOVE, v:1, k:poo@lapiseira, mode:BACK
2025-11-12 11:02:12, MOVE, v:1, k:poo@lapiseira, mode:PICK
2025-11-12 11:02:15, EXEC, v:1, k:poo@lapiseira, mode:FULL, rate:7, size:72
2025-11-12 11:13:33, EXEC, v:1, k:poo@lapiseira, mode:FULL, rate:7, size:97
2025-11-12 11:13:39, EXEC, v:1, k:poo@lapiseira, mode:FULL, rate:7
2025-11-12 11:13:42, MOVE, v:1, k:poo@lapiseira, mode:BACK
2025-11-12 11:13:47, MOVE, v:1, k:poo@lapiseira, mode:PICK
2025-11-12 11:13:48, EXEC, v:1, k:poo@lapiseira, mode:FULL, rate:7
2025-11-12 11:14:33, MOVE, v:1, k:poo@lapiseira, mode:BACK
2025-11-12 11:14:39, MOVE, v:1, k:poo@lapiseira, mode:PICK
2025-11-12 11:14:40, EXEC, v:1, k:poo@lapiseira, mode:FULL, rate:7, size:97
2025-11-12 11:17:32, MOVE, v:1, k:poo@lapiseira, mode:BACK
2025-11-12 11:17:54, MOVE, v:1, k:poo@lapiseira, mode:PICK
2025-11-12 11:17:56, EXEC, v:1, k:poo@lapiseira, mode:FULL, rate:7, size:96
2025-11-12 11:20:42, EXEC, v:1, k:poo@lapiseira, mode:FULL, rate:14, size:99
2025-11-12 11:20:48, EXEC, v:1, k:poo@lapiseira, mode:FULL, rate:14
2025-11-12 11:20:51, MOVE, v:1, k:poo@lapiseira, mode:BACK
2025-11-12 11:21:02, MOVE, v:1, k:poo@lapiseira, mode:PICK
2025-11-12 11:21:03, EXEC, v:1, k:poo@lapiseira, mode:FULL, rate:14
2025-11-12 11:21:59, MOVE, v:1, k:poo@lapiseira, mode:BACK
2025-11-12 11:22:11, MOVE, v:1, k:poo@lapiseira, mode:PICK
2025-11-12 11:22:12, EXEC, v:1, k:poo@lapiseira, mode:FULL, rate:14, size:100
2025-11-12 11:23:19, MOVE, v:1, k:poo@lapiseira, mode:BACK
2025-11-12 11:24:17, MOVE, v:1, k:poo@lapiseira, mode:PICK
2025-11-12 11:24:18, EXEC, v:1, k:poo@lapiseira, mode:FULL, rate:14, size:101
2025-11-12 11:27:02, EXEC, v:1, k:poo@lapiseira, mode:FULL, rate:0, size:104
2025-11-12 11:27:10, MOVE, v:1, k:poo@lapiseira, mode:BACK
2025-11-12 11:27:15, MOVE, v:1, k:poo@lapiseira, mode:PICK
2025-11-12 11:27:19, MOVE, v:1, k:poo@lapiseira, mode:BACK
2025-11-12 11:27:40, MOVE, v:1, k:poo@lapiseira, mode:PICK
2025-11-12 11:27:44, EXEC, v:1, k:poo@lapiseira, mode:FULL, rate:0
2025-11-12 11:28:57, EXEC, v:1, k:poo@lapiseira, mode:FULL, rate:0, size:105
2025-11-12 11:28:58, EXEC, v:1, k:poo@lapiseira, mode:FULL, rate:0
2025-11-12 11:29:11, EXEC, v:1, k:poo@lapiseira, mode:FULL, rate:21, size:106
2025-11-12 11:29:16, EXEC, v:1, k:poo@lapiseira, mode:FULL, rate:21
2025-11-12 11:29:17, MOVE, v:1, k:poo@lapiseira, mode:BACK
2025-11-12 11:29:35, MOVE, v:1, k:poo@lapiseira, mode:PICK
2025-11-12 11:29:36, EXEC, v:1, k:poo@lapiseira, mode:FULL, rate:21
2025-11-12 11:30:37, MOVE, v:1, k:poo@lapiseira, mode:BACK
2025-11-12 11:30:48, MOVE, v:1, k:poo@lapiseira, mode:PICK
2025-11-12 11:30:49, EXEC, v:1, k:poo@lapiseira, mode:FULL, rate:21
2025-11-12 11:33:45, MOVE, v:1, k:poo@lapiseira, mode:BACK
2025-11-12 11:33:56, MOVE, v:1, k:poo@lapiseira, mode:PICK
2025-11-12 11:34:00, EXEC, v:1, k:poo@lapiseira, mode:FULL, rate:21, size:97
2025-11-12 11:34:28, EXEC, v:1, k:poo@lapiseira, mode:FULL, rate:21, size:98
2025-11-12 11:34:38, EXEC, v:1, k:poo@lapiseira, mode:FULL, rate:0, size:98
2025-11-12 11:35:12, MOVE, v:1, k:poo@lapiseira, mode:BACK
2025-11-12 11:35:22, MOVE, v:1, k:poo@pula-pula, mode:PICK
2025-11-12 11:35:25, MOVE, v:1, k:poo@pula-pula, mode:BACK
2025-11-12 11:35:27, MOVE, v:1, k:poo@lapiseira, mode:PICK
2025-11-12 11:35:28, EXEC, v:1, k:poo@lapiseira, mode:FULL, rate:0, size:98
2025-11-12 11:39:35, EXEC, v:1, k:poo@lapiseira, mode:FULL, rate:21, size:98
2025-11-12 11:39:37, MOVE, v:1, k:poo@lapiseira, mode:BACK
2025-11-12 11:39:55, MOVE, v:1, k:poo@lapiseira, mode:PICK
2025-11-12 11:39:56, EXEC, v:1, k:poo@lapiseira, mode:FULL, rate:21
2025-11-12 11:40:22, MOVE, v:1, k:poo@lapiseira, mode:BACK
2025-11-12 11:40:24, MOVE, v:1, k:poo@lapiseira, mode:PICK
2025-11-12 11:40:26, MOVE, v:1, k:poo@lapiseira, mode:BACK
2025-11-12 11:40:30, MOVE, v:1, k:poo@lapiseira, mode:PICK
2025-11-12 11:40:32, EXEC, v:1, k:poo@lapiseira, mode:FULL, rate:21
2025-11-12 11:40:52, EXEC, v:1, k:poo@lapiseira, mode:FULL, rate:0, size:98
2025-11-12 11:47:28, MOVE, v:1, k:poo@lapiseira, mode:BACK
2025-11-12 11:47:36, MOVE, v:1, k:poo@lapiseira, mode:PICK
2025-11-12 11:47:38, MOVE, v:1, k:poo@lapiseira, mode:BACK
2025-11-12 11:47:39, MOVE, v:1, k:poo@lapiseira, mode:PICK
2025-11-12 11:47:39, EXEC, v:1, k:poo@lapiseira, mode:FULL, rate:0
2025-11-12 11:47:48, MOVE, v:1, k:poo@lapiseira, mode:BACK
2025-11-12 11:48:04, MOVE, v:1, k:poo@lapiseira, mode:PICK
2025-11-12 11:48:05, EXEC, v:1, k:poo@lapiseira, mode:FULL, rate:0
2025-11-12 11:48:24, MOVE, v:1, k:poo@lapiseira, mode:BACK
2025-11-12 11:48:29, MOVE, v:1, k:poo@lapiseira, mode:PICK
2025-11-12 11:48:29, EXEC, v:1, k:poo@lapiseira, mode:FULL, rate:0
2025-11-12 11:48:41, EXEC, v:1, k:poo@lapiseira, mode:FULL, rate:0, size:98
2025-11-12 11:48:47, EXEC, v:1, k:poo@lapiseira, mode:FULL, rate:21, size:98
2025-11-12 11:54:12, EXEC, v:1, k:poo@lapiseira, mode:FULL, rate:21, size:105
2025-11-12 11:54:23, MOVE, v:1, k:poo@lapiseira, mode:BACK
2025-11-12 11:54:36, MOVE, v:1, k:poo@lapiseira, mode:PICK
2025-11-12 11:55:17, EXEC, v:1, k:poo@lapiseira, mode:FULL, rate:21, size:105
2025-11-12 11:55:27, EXEC, v:1, k:poo@lapiseira, mode:FULL, rate:0, size:105
2025-11-12 11:59:02, EXEC, v:1, k:poo@lapiseira, mode:FULL, rate:0
2025-11-12 11:59:26, EXEC, v:1, k:poo@lapiseira, mode:FULL, rate:21, size:105
2025-11-12 11:59:26, MOVE, v:1, k:poo@lapiseira, mode:BACK
2025-11-12 11:59:56, MOVE, v:1, k:poo@lapiseira, mode:PICK
2025-11-12 11:59:57, EXEC, v:1, k:poo@lapiseira, mode:FULL, rate:21
2025-11-12 12:00:01, MOVE, v:1, k:poo@lapiseira, mode:BACK
2025-11-12 12:00:07, MOVE, v:1, k:poo@lapiseira, mode:PICK
2025-11-12 12:01:06, EXEC, v:1, k:poo@lapiseira, mode:FULL, rate:21, size:103
2025-11-12 12:01:55, EXEC, v:1, k:poo@lapiseira, mode:FULL, rate:21, size:103
2025-11-12 12:02:07, EXEC, v:1, k:poo@lapiseira, mode:FULL, rate:7, size:103
2025-11-12 12:02:09, EXEC, v:1, k:poo@lapiseira, mode:FULL, rate:7
2025-11-12 12:02:10, EXEC, v:1, k:poo@lapiseira, mode:FULL, rate:7
2025-11-12 12:02:17, EXEC, v:1, k:poo@lapiseira, mode:FULL, rate:21, size:103
2025-11-12 12:02:26, EXEC, v:1, k:poo@lapiseira, mode:FULL, rate:0, size:103
2025-11-12 12:06:30, EXEC, v:1, k:poo@lapiseira, mode:FULL, rate:7, size:113
2025-11-12 12:06:39, MOVE, v:1, k:poo@lapiseira, mode:BACK
2025-11-12 12:06:58, MOVE, v:1, k:poo@lapiseira, mode:PICK
2025-11-12 12:07:00, EXEC, v:1, k:poo@lapiseira, mode:FULL, rate:7
2025-11-12 12:13:56, EXEC, v:1, k:poo@lapiseira, mode:FULL, rate:7
2025-11-12 12:13:56, MOVE, v:1, k:poo@lapiseira, mode:BACK
