2025-11-07 00:02:38, MOVE, v:1, k:poo@array, mode:BACK
2025-11-07 00:02:44, MOVE, v:1, k:poo@array, mode:PICK
2025-11-07 00:02:45, EXEC, v:1, k:poo@array, mode:LOCK, rate:0, size:61
2025-11-07 00:03:36, EXEC, v:1, k:poo@array, mode:LOCK, rate:0, size:68
2025-11-07 00:03:37, EXEC, v:1, k:poo@array, mode:LOCK, rate:0
2025-11-07 00:07:29, MOVE, v:1, k:poo@array, mode:BACK
2025-11-07 00:07:35, MOVE, v:1, k:poo@array, mode:PICK
2025-11-07 00:07:36, EXEC, v:1, k:poo@array, mode:LOCK, rate:0
2025-11-07 00:07:37, EXEC, v:1, k:poo@array, mode:FREE
2025-11-07 00:10:06, MOVE, v:1, k:poo@array, mode:PICK
2025-11-07 00:10:07, EXEC, v:1, k:poo@array, mode:LOCK, rate:0, size:78
2025-11-07 00:10:08, EXEC, v:1, k:poo@array, mode:FREE
2025-11-07 00:17:38, MOVE, v:1, k:poo@array, mode:BACK
2025-11-07 00:18:02, MOVE, v:1, k:poo@array, mode:PICK
2025-11-07 00:18:02, EXEC, v:1, k:poo@array, mode:LOCK, rate:0, size:84
2025-11-07 00:20:36, EXEC, v:1, k:poo@array, mode:LOCK, rate:0
2025-11-07 00:20:40, EXEC, v:1, k:poo@array, mode:LOCK, rate:0
2025-11-07 00:21:03, EXEC, v:1, k:poo@array, mode:LOCK, rate:0
2025-11-07 00:23:57, EXEC, v:1, k:poo@array, mode:LOCK, rate:0, size:83
2025-11-07 00:26:28, EXEC, v:1, k:poo@array, mode:LOCK, rate:0, size:89
2025-11-07 00:29:07, MOVE, v:1, k:poo@array, mode:BACK
2025-11-07 00:29:11, MOVE, v:1, k:poo@array, mode:PICK
2025-11-07 00:29:23, EXEC, v:1, k:poo@array, mode:LOCK, rate:0
2025-11-07 00:29:25, MOVE, v:1, k:poo@array, mode:BACK
2025-11-07 00:29:25, MOVE, v:1, k:poo@array, mode:PICK
2025-11-07 00:29:26, EXEC, v:1, k:poo@array, mode:LOCK, rate:0
2025-11-07 00:29:30, EXEC, v:1, k:poo@array, mode:LOCK, rate:0
2025-11-07 00:31:27, EXEC, v:1, k:poo@array, mode:LOCK, rate:0, size:96
2025-11-07 00:38:41, EXEC, v:1, k:poo@array, mode:LOCK, rate:0, size:137
2025-11-07 00:39:32, EXEC, v:1, k:poo@array, mode:LOCK, rate:0, size:140
2025-11-07 00:40:24, EXEC, v:1, k:poo@array, mode:LOCK, rate:0, size:146
2025-11-07 00:41:22, MOVE, v:1, k:poo@array, mode:BACK
2025-11-07 00:41:24, MOVE, v:1, k:poo@array, mode:PICK
2025-11-07 00:41:25, EXEC, v:1, k:poo@array, mode:LOCK, rate:0
2025-11-07 00:41:26, MOVE, v:1, k:poo@array, mode:BACK
2025-11-07 12:17:47, MOVE, v:1, k:poo@pula-pula, mode:DOWN
2025-11-07 12:17:48, MOVE, v:1, k:poo@pula-pula, mode:PICK
2025-11-07 12:17:51, MOVE, v:1, k:poo@pula-pula, mode:BACK
2025-11-07 12:18:27, MOVE, v:1, k:poo@pula-pula, mode:PICK
2025-11-07 12:18:28, EXEC, v:1, k:poo@pula-pula, mode:FULL, rate:0, size:0
2025-11-07 12:18:32, MOVE, v:1, k:poo@pula-pula, mode:BACK
2025-11-07 12:18:45, MOVE, v:1, k:poo@pula-pula, mode:PICK
2025-11-07 12:18:46, EXEC, v:1, k:poo@pula-pula, mode:FULL, rate:0
2025-11-07 12:23:31, EXEC, v:1, k:poo@pula-pula, mode:FULL, rate:0, size:9
2025-11-07 12:24:12, EXEC, v:1, k:poo@pula-pula, mode:FULL, rate:0, size:13
2025-11-07 12:24:39, MOVE, v:1, k:poo@pula-pula, mode:BACK
2025-11-07 12:24:49, MOVE, v:1, k:poo@pula-pula, mode:PICK
2025-11-07 12:24:51, EXEC, v:1, k:poo@pula-pula, mode:FULL, rate:0
2025-11-07 12:24:52, MOVE, v:1, k:poo@pula-pula, mode:BACK
2025-11-07 12:36:06, MOVE, v:1, k:poo@pula-pula, mode:PICK
2025-11-07 12:36:08, EXEC, v:1, k:poo@pula-pula, mode:FULL, rate:0
2025-11-07 12:36:11, MOVE, v:1, k:poo@pula-pula, mode:BACK
2025-11-07 12:36:13, MOVE, v:1, k:poo@pula-pula, mode:PICK
2025-11-07 12:36:15, EXEC, v:1, k:poo@pula-pula, mode:FULL, rate:0
2025-11-07 12:37:15, EXEC, v:1, k:poo@pula-pula, mode:FULL, rate:0, size:16
2025-11-07 12:37:56, EXEC, v:1, k:poo@pula-pula, mode:FULL, rate:0, size:16
2025-11-07 12:39:21, EXEC, v:1, k:poo@pula-pula, mode:FULL, rate:0, size:17
2025-11-07 12:39:22, EXEC, v:1, k:poo@pula-pula, mode:FULL, rate:0
2025-11-07 12:39:26, EXEC, v:1, k:poo@pula-pula, mode:FULL, rate:0
2025-11-07 12:39:29, EXEC, v:1, k:poo@pula-pula, mode:FULL, rate:0, size:15
2025-11-07 12:39:33, EXEC, v:1, k:poo@pula-pula, mode:FULL, rate:0, size:16
2025-11-07 12:41:17, EXEC, v:1, k:poo@pula-pula, mode:FULL, rate:0, size:17
2025-11-07 12:41:27, EXEC, v:1, k:poo@pula-pula, mode:FULL, rate:0, size:17
2025-11-07 12:41:32, EXEC, v:1, k:poo@pula-pula, mode:FULL, rate:0, size:17
2025-11-07 12:41:54, EXEC, v:1, k:poo@pula-pula, mode:FULL, rate:0, size:17
2025-11-07 12:43:01, EXEC, v:1, k:poo@pula-pula, mode:FULL, rate:0, size:17
2025-11-07 12:43:13, EXEC, v:1, k:poo@pula-pula, mode:FULL, rate:0, size:17
2025-11-07 12:43:27, MOVE, v:1, k:poo@pula-pula, mode:PICK
2025-11-07 12:43:28, EXEC, v:1, k:poo@pula-pula, mode:FULL, rate:0
2025-11-07 12:43:33, MOVE, v:1, k:poo@pula-pula, mode:BACK
2025-11-07 12:43:52, MOVE, v:1, k:poo@pula-pula, mode:PICK
2025-11-07 12:43:53, EXEC, v:1, k:poo@pula-pula, mode:FULL, rate:0
2025-11-07 12:45:09, EXEC, v:1, k:poo@pula-pula, mode:FULL, rate:0, size:25
2025-11-07 12:45:15, EXEC, v:1, k:poo@pula-pula, mode:FULL, rate:0
2025-11-07 12:45:20, MOVE, v:1, k:poo@pula-pula, mode:BACK
2025-11-07 12:45:22, MOVE, v:1, k:poo@pula-pula, mode:PICK
2025-11-07 12:45:31, MOVE, v:1, k:poo@pula-pula, mode:BACK
2025-11-07 12:45:44, MOVE, v:1, k:poo@pula-pula, mode:PICK
2025-11-07 12:45:45, EXEC, v:1, k:poo@pula-pula, mode:FULL, rate:0
2025-11-07 12:46:21, EXEC, v:1, k:poo@pula-pula, mode:FULL, rate:0, size:25
2025-11-07 12:46:32, EXEC, v:1, k:poo@pula-pula, mode:FULL, rate:0
2025-11-07 12:46:34, MOVE, v:1, k:poo@pula-pula, mode:BACK
2025-11-07 12:46:36, MOVE, v:1, k:poo@pula-pula, mode:PICK
2025-11-07 12:46:36, EXEC, v:1, k:poo@pula-pula, mode:FULL, rate:0
2025-11-07 12:46:59, MOVE, v:1, k:poo@pula-pula, mode:BACK
2025-11-07 12:47:02, MOVE, v:1, k:poo@pula-pula, mode:PICK
2025-11-07 12:47:48, EXEC, v:1, k:poo@pula-pula, mode:FULL, rate:0, size:30
2025-11-07 12:47:48, EXEC, v:1, k:poo@pula-pula, mode:FULL, rate:0, size:30
2025-11-07 12:48:55, EXEC, v:1, k:poo@pula-pula, mode:FULL, rate:0, size:30
2025-11-07 12:49:05, MOVE, v:1, k:poo@pula-pula, mode:BACK
2025-11-07 12:49:14, MOVE, v:1, k:poo@pula-pula, mode:PICK
2025-11-07 12:49:15, EXEC, v:1, k:poo@pula-pula, mode:FULL, rate:0, size:29
2025-11-07 12:52:45, EXEC, v:1, k:poo@pula-pula, mode:FULL, rate:0, size:30
2025-11-07 12:54:06, EXEC, v:1, k:poo@pula-pula, mode:FULL, rate:0, size:30
2025-11-07 12:54:09, MOVE, v:1, k:poo@pula-pula, mode:BACK
2025-11-07 12:54:38, MOVE, v:1, k:poo@pula-pula, mode:PICK
2025-11-07 12:54:39, EXEC, v:1, k:poo@pula-pula, mode:FULL, rate:0
2025-11-07 12:58:17, EXEC, v:1, k:poo@pula-pula, mode:FULL, rate:0, size:39
2025-11-07 12:58:18, EXEC, v:1, k:poo@pula-pula, mode:FULL, rate:0
2025-11-07 12:58:52, EXEC, v:1, k:poo@pula-pula, mode:FULL, rate:0, size:38
2025-11-07 12:59:05, EXEC, v:1, k:poo@pula-pula, mode:FULL, rate:0, size:38
2025-11-07 12:59:17, MOVE, v:1, k:poo@pula-pula, mode:BACK
2025-11-07 12:59:33, MOVE, v:1, k:poo@pula-pula, mode:PICK
2025-11-07 12:59:34, EXEC, v:1, k:poo@pula-pula, mode:FULL, rate:0
2025-11-07 13:00:35, EXEC, v:1, k:poo@pula-pula, mode:FULL, rate:0, size:40
2025-11-07 13:02:12, EXEC, v:1, k:poo@pula-pula, mode:FULL, rate:0, size:42
2025-11-07 13:02:17, EXEC, v:1, k:poo@pula-pula, mode:FULL, rate:0
2025-11-07 13:02:20, EXEC, v:1, k:poo@pula-pula, mode:FULL, rate:0
2025-11-07 13:04:12, MOVE, v:1, k:poo@pula-pula, mode:BACK
2025-11-07 13:04:56, MOVE, v:1, k:poo@pula-pula, mode:PICK
2025-11-07 13:04:57, EXEC, v:1, k:poo@pula-pula, mode:FULL, rate:0, size:42
2025-11-07 13:06:21, EXEC, v:1, k:poo@pula-pula, mode:FULL, rate:0, size:45
2025-11-07 13:08:45, EXEC, v:1, k:poo@pula-pula, mode:FULL, rate:0, size:46
2025-11-07 13:09:17, EXEC, v:1, k:poo@pula-pula, mode:FULL, rate:0, size:46
2025-11-07 13:10:38, MOVE, v:1, k:poo@pula-pula, mode:BACK
2025-11-07 13:10:51, MOVE, v:1, k:poo@pula-pula, mode:PICK
2025-11-07 13:10:51, EXEC, v:1, k:poo@pula-pula, mode:FULL, rate:0, size:47
2025-11-07 13:11:19, EXEC, v:1, k:poo@pula-pula, mode:FULL, rate:0, size:47
2025-11-07 13:12:02, MOVE, v:1, k:poo@pula-pula, mode:BACK
2025-11-07 13:12:07, MOVE, v:1, k:poo@pula-pula, mode:PICK
2025-11-07 13:12:08, EXEC, v:1, k:poo@pula-pula, mode:FULL, rate:0, size:47
2025-11-07 13:20:33, EXEC, v:1, k:poo@pula-pula, mode:FULL, rate:0, size:50
2025-11-07 13:23:48, MOVE, v:1, k:poo@pula-pula, mode:BACK
2025-11-07 13:23:59, MOVE, v:1, k:poo@pula-pula, mode:PICK
2025-11-07 13:24:00, EXEC, v:1, k:poo@pula-pula, mode:FULL, rate:0
2025-11-07 13:28:55, EXEC, v:1, k:poo@pula-pula, mode:FULL, rate:0, size:55
2025-11-07 13:29:03, MOVE, v:1, k:poo@pula-pula, mode:BACK
2025-11-07 13:29:13, MOVE, v:1, k:poo@pula-pula, mode:PICK
2025-11-07 13:29:15, EXEC, v:1, k:poo@pula-pula, mode:FULL, rate:0
2025-11-07 13:31:56, EXEC, v:1, k:poo@pula-pula, mode:FULL, rate:0, size:57
2025-11-07 13:32:24, MOVE, v:1, k:poo@pula-pula, mode:BACK
2025-11-07 13:32:38, MOVE, v:1, k:poo@pula-pula, mode:PICK
2025-11-07 13:32:39, EXEC, v:1, k:poo@pula-pula, mode:FULL, rate:0, size:56
2025-11-07 13:32:44, MOVE, v:1, k:poo@pula-pula, mode:BACK
2025-11-07 13:35:56, MOVE, v:1, k:poo@pula-pula, mode:PICK
2025-11-07 13:35:57, EXEC, v:1, k:poo@pula-pula, mode:FULL, rate:0
2025-11-07 13:40:01, EXEC, v:1, k:poo@pula-pula, mode:FULL, rate:0, size:57
2025-11-07 13:41:29, EXEC, v:1, k:poo@pula-pula, mode:FULL, rate:0, size:57
2025-11-07 13:41:30, MOVE, v:1, k:poo@pula-pula, mode:BACK
2025-11-07 13:42:10, MOVE, v:1, k:poo@pula-pula, mode:PICK
2025-11-07 13:42:20, EXEC, v:1, k:poo@pula-pula, mode:FULL, rate:0, size:57
2025-11-07 13:42:21, EXEC, v:1, k:poo@pula-pula, mode:FULL, rate:0
2025-11-07 13:42:30, MOVE, v:1, k:poo@pula-pula, mode:BACK
2025-11-07 13:42:39, MOVE, v:1, k:poo@pula-pula, mode:PICK
2025-11-07 13:42:40, EXEC, v:1, k:poo@pula-pula, mode:FULL, rate:0
2025-11-07 13:47:05, EXEC, v:1, k:poo@pula-pula, mode:FULL, rate:0, size:58
2025-11-07 13:50:12, EXEC, v:1, k:poo@pula-pula, mode:FULL, rate:0, size:63
2025-11-07 13:50:14, EXEC, v:1, k:poo@pula-pula, mode:FULL, rate:0
2025-11-07 13:50:18, MOVE, v:1, k:poo@pula-pula, mode:BACK
2025-11-07 13:50:43, MOVE, v:1, k:poo@pula-pula, mode:PICK
2025-11-07 13:50:45, EXEC, v:1, k:poo@pula-pula, mode:FULL, rate:0
2025-11-07 13:50:47, MOVE, v:1, k:poo@pula-pula, mode:BACK
2025-11-07 13:50:59, MOVE, v:1, k:poo@pula-pula, mode:PICK
2025-11-07 13:51:00, EXEC, v:1, k:poo@pula-pula, mode:FULL, rate:0
2025-11-07 13:51:50, EXEC, v:1, k:poo@pula-pula, mode:FULL, rate:0, size:65
2025-11-07 13:52:21, EXEC, v:1, k:poo@pula-pula, mode:FULL, rate:0, size:65
2025-11-07 13:53:11, EXEC, v:1, k:poo@pula-pula, mode:FULL, rate:0, size:62
2025-11-07 13:53:20, MOVE, v:1, k:poo@pula-pula, mode:BACK
2025-11-07 13:53:22, MOVE, v:1, k:poo@pula-pula, mode:PICK
2025-11-07 13:53:24, MOVE, v:1, k:poo@pula-pula, mode:BACK
2025-11-07 13:53:28, MOVE, v:1, k:poo@pula-pula, mode:PICK
2025-11-07 13:53:29, EXEC, v:1, k:poo@pula-pula, mode:FULL, rate:0
2025-11-07 13:57:59, EXEC, v:1, k:poo@pula-pula, mode:FULL, rate:0, size:62
2025-11-07 14:01:34, EXEC, v:1, k:poo@pula-pula, mode:FULL, rate:0, size:64
2025-11-07 14:01:38, EXEC, v:1, k:poo@pula-pula, mode:FULL, rate:0, size:64
2025-11-07 14:03:40, MOVE, v:1, k:poo@pula-pula, mode:BACK
2025-11-07 14:03:42, MOVE, v:1, k:poo@pula-pula, mode:PICK
2025-11-07 14:04:01, MOVE, v:1, k:poo@pula-pula, mode:BACK
2025-11-07 14:04:38, MOVE, v:1, k:poo@pula-pula, mode:PICK
2025-11-07 14:04:39, EXEC, v:1, k:poo@pula-pula, mode:FULL, rate:0, size:65
2025-11-07 14:05:24, EXEC, v:1, k:poo@pula-pula, mode:FULL, rate:0, size:65
2025-11-07 14:06:15, EXEC, v:1, k:poo@pula-pula, mode:FULL, rate:0, size:66
2025-11-07 14:06:55, EXEC, v:1, k:poo@pula-pula, mode:FULL, rate:0
2025-11-07 14:07:34, EXEC, v:1, k:poo@pula-pula, mode:FULL, rate:0, size:66
2025-11-07 14:07:52, EXEC, v:1, k:poo@pula-pula, mode:FULL, rate:0, size:66
2025-11-07 14:08:48, EXEC, v:1, k:poo@pula-pula, mode:FULL, rate:0
2025-11-07 14:09:36, EXEC, v:1, k:poo@pula-pula, mode:FULL, rate:0, size:67
2025-11-07 14:09:40, EXEC, v:1, k:poo@pula-pula, mode:FULL, rate:0
2025-11-07 14:09:43, MOVE, v:1, k:poo@pula-pula, mode:BACK
2025-11-07 14:09:51, MOVE, v:1, k:poo@pula-pula, mode:PICK
2025-11-07 14:09:52, EXEC, v:1, k:poo@pula-pula, mode:FULL, rate:0
2025-11-07 14:12:04, EXEC, v:1, k:poo@pula-pula, mode:FULL, rate:70, size:76
2025-11-07 22:44:12, MOVE, v:1, k:poo@pula-pula, mode:PICK
2025-11-07 22:44:13, EXEC, v:1, k:poo@pula-pula, mode:FULL, rate:70
2025-11-07 22:47:52, EXEC, v:1, k:poo@pula-pula, mode:FULL, rate:100, size:80
2025-11-07 22:47:56, MOVE, v:1, k:poo@pula-pula, mode:BACK
2025-11-07 22:48:00, MOVE, v:1, k:poo@pula-pula, mode:PICK
2025-11-07 22:48:02, EXEC, v:1, k:poo@pula-pula, mode:FULL, rate:100
2025-11-07 22:48:40, MOVE, v:1, k:poo@pula-pula, mode:BACK
2025-11-07 22:48:44, MOVE, v:1, k:poo@budega, mode:PICK
2025-11-07 22:48:45, EXEC, v:1, k:poo@budega, mode:FULL, rate:100
2025-11-07 22:48:47, MOVE, v:1, k:poo@budega, mode:BACK
2025-11-07 22:48:53, MOVE, v:1, k:poo@array, mode:PICK
2025-11-07 22:48:54, EXEC, v:1, k:poo@array, mode:LOCK, rate:0
2025-11-07 22:48:55, MOVE, v:1, k:poo@array, mode:BACK
